../Core/Src/main.c:112:5:initialize_Sensors	64	static
../Core/Src/main.c:169:19:read_Sensor_data	48	static
../Core/Src/main.c:187:6:convert_Sensor_Data	24	static
../Core/Src/main.c:194:6:HAL_GPIO_EXTI_Callback	32	static
../Core/Src/main.c:213:5:main	104	static
../Core/Src/main.c:283:6:SystemClock_Config	104	static
../Core/Src/main.c:329:13:MX_I2C1_Init	8	static
../Core/Src/main.c:377:13:MX_TIM1_Init	32	static
../Core/Src/main.c:423:13:MX_GPIO_Init	48	static
../Core/Src/main.c:462:6:Error_Handler	8	static,ignoring_inline_asm
