../Core/Src/main.c:112:5:initialize_Sensors	64	static
../Core/Src/main.c:169:19:read_Sensor_data	48	static
../Core/Src/main.c:187:6:convert_Sensor_Data	24	static
../Core/Src/main.c:194:6:HAL_GPIO_EXTI_Callback	16	static
../Core/Src/main.c:208:5:main	72	static
../Core/Src/main.c:272:6:SystemClock_Config	104	static
../Core/Src/main.c:318:13:MX_I2C1_Init	8	static
../Core/Src/main.c:366:13:MX_TIM1_Init	32	static
../Core/Src/main.c:412:13:MX_GPIO_Init	48	static
../Core/Src/main.c:451:6:Error_Handler	8	static,ignoring_inline_asm
