../Core/Src/stm32f0xx_it.c:74:6:NMI_Handler	8	static
../Core/Src/stm32f0xx_it.c:89:6:HardFault_Handler	8	static
../Core/Src/stm32f0xx_it.c:104:6:SVC_Handler	8	static
../Core/Src/stm32f0xx_it.c:117:6:PendSV_Handler	8	static
../Core/Src/stm32f0xx_it.c:130:6:SysTick_Handler	8	static
../Core/Src/stm32f0xx_it.c:151:6:EXTI0_1_IRQHandler	8	static
../Core/Src/stm32f0xx_it.c:165:6:TIM2_IRQHandler	8	static
../Core/Src/stm32f0xx_it.c:182:6:TIM14_IRQHandler	8	static
../Core/Src/stm32f0xx_it.c:197:6:I2C1_IRQHandler	8	static
