../Core/Src/stm32f0xx_it.c:76:6:NMI_Handler	8	static
../Core/Src/stm32f0xx_it.c:91:6:HardFault_Handler	8	static
../Core/Src/stm32f0xx_it.c:106:6:SVC_Handler	8	static
../Core/Src/stm32f0xx_it.c:119:6:PendSV_Handler	8	static
../Core/Src/stm32f0xx_it.c:132:6:SysTick_Handler	8	static
../Core/Src/stm32f0xx_it.c:153:6:EXTI0_1_IRQHandler	8	static
../Core/Src/stm32f0xx_it.c:167:6:TIM2_IRQHandler	8	static
../Core/Src/stm32f0xx_it.c:187:6:TIM14_IRQHandler	8	static
../Core/Src/stm32f0xx_it.c:202:6:I2C1_IRQHandler	8	static
